// Jest Snapshot v1, https://goo.gl/fbAQLP

exports[`dashboard test should render dashboard snapshot 1`] = `
<View
  style={
    Object {
      "backgroundColor": "#FFF",
      "flex": 1,
    }
  }
  testID="dashboard-index-container"
>
  <View
    style={
      Object {
        "alignItems": "center",
        "backgroundColor": "#FFF",
        "justifyContent": "center",
      }
    }
    testID="dashboard-index-content"
  >
    <Text>
      Welcome to Lokalise!
    </Text>
    <Text>
      https://myapi.preprod.com
    </Text>
    <Text>
      Esto es una prueba
    </Text>
  </View>
</View>
`;
