// Jest Snapshot v1, https://goo.gl/fbAQLP

exports[`activity header test should render activity header titles 1`] = `
<View
  style={
    Object {
      "alignItems": "center",
      "backgroundColor": "#FFF",
      "flexDirection": "row",
      "justifyContent": "space-between",
      "paddingHorizontal": 20,
      "paddingVertical": 10,
    }
  }
>
  <View
    accessible={true}
    collapsable={false}
    focusable={false}
    onClick={[Function]}
    onResponderGrant={[Function]}
    onResponderMove={[Function]}
    onResponderRelease={[Function]}
    onResponderTerminate={[Function]}
    onResponderTerminationRequest={[Function]}
    onStartShouldSetResponder={[Function]}
    style={
      Object {
        "backgroundColor": "#000",
        "borderColor": "#ccc",
        "borderRadius": 5,
        "borderWidth": 0.5,
        "opacity": 1,
        "paddingHorizontal": 5,
        "paddingVertical": 3,
      }
    }
  >
    <Text
      style={
        Object {
          "color": "#FFF",
          "fontSize": 18,
        }
      }
    >
      Close
    </Text>
  </View>
  <View
    accessible={true}
    collapsable={false}
    focusable={false}
    onClick={[Function]}
    onResponderGrant={[Function]}
    onResponderMove={[Function]}
    onResponderRelease={[Function]}
    onResponderTerminate={[Function]}
    onResponderTerminationRequest={[Function]}
    onStartShouldSetResponder={[Function]}
    style={
      Object {
        "backgroundColor": "#000",
        "borderColor": "#ccc",
        "borderRadius": 5,
        "borderWidth": 0.5,
        "opacity": 1,
        "paddingHorizontal": 5,
        "paddingVertical": 3,
      }
    }
  >
    <Text
      style={
        Object {
          "color": "#FFF",
          "fontSize": 18,
        }
      }
    >
      Filters
    </Text>
  </View>
</View>
`;
